// Jest Snapshot v1, https://goo.gl/fbAQLP

exports[`DogInfo should have match the correct snapshot 1`] = `
<div>
  Dog Info
</div>
`;
