// Jest Snapshot v1, https://goo.gl/fbAQLP

exports[`Home should have match the correct snapshot 1`] = `
<div
  className="home-container"
>
  <img
    alt="dog infront of mountains"
    className="home-img"
    src="mountains.jpg"
  />
</div>
`;
