// Jest Snapshot v1, https://goo.gl/fbAQLP

exports[`BreedInfo should have match the correct snapshot 1`] = `
<div>
  BreedInfo
</div>
`;
