// Jest Snapshot v1, https://goo.gl/fbAQLP

exports[`AboutBreeds should have match the correct snapshot 1`] = `
<ContextConsumer>
  <Component />
</ContextConsumer>
`;
