// Jest Snapshot v1, https://goo.gl/fbAQLP

exports[`NotFound should have match the correct snapshot 1`] = `
<div>
  404 Not Found
</div>
`;
